components/hero-section.tsx(16,45): error TS2339: Property 'triggerRefresh' does not exist on type 'Web3ContextType'.
components/nft-showcase.tsx(50,61): error TS2339: Property 'refreshTrigger' does not exist on type 'Web3ContextType'.
web3-backend/hardhat.config.ts(1,35): error TS2307: Cannot find module 'hardhat/config' or its corresponding type declarations.
web3-backend/hardhat.config.ts(3,25): error TS2307: Cannot find module 'dotenv' or its corresponding type declarations.
web3-backend/scripts/deploy.ts(1,24): error TS2307: Cannot find module 'hardhat' or its corresponding type declarations.
web3-backend/test/GameArena.test.ts(1,24): error TS2307: Cannot find module 'chai' or its corresponding type declarations.
web3-backend/test/GameArena.test.ts(2,24): error TS2307: Cannot find module 'hardhat' or its corresponding type declarations.
web3-backend/test/GameArena.test.ts(3,35): error TS2307: Cannot find module '@nomicfoundation/hardhat-network-helpers' or its corresponding type declarations.
web3-backend/test/GameArena.test.ts(5,1): error TS2582: Cannot find name 'describe'. Do you need to install type definitions for a test runner? Try `npm i --save-dev @types/jest` or `npm i --save-dev @types/mocha`.
web3-backend/test/GameArena.test.ts(29,3): error TS2582: Cannot find name 'describe'. Do you need to install type definitions for a test runner? Try `npm i --save-dev @types/jest` or `npm i --save-dev @types/mocha`.
web3-backend/test/GameArena.test.ts(30,5): error TS2582: Cannot find name 'it'. Do you need to install type definitions for a test runner? Try `npm i --save-dev @types/jest` or `npm i --save-dev @types/mocha`.
web3-backend/test/GameArena.test.ts(37,3): error TS2582: Cannot find name 'describe'. Do you need to install type definitions for a test runner? Try `npm i --save-dev @types/jest` or `npm i --save-dev @types/mocha`.
web3-backend/test/GameArena.test.ts(38,5): error TS2582: Cannot find name 'it'. Do you need to install type definitions for a test runner? Try `npm i --save-dev @types/jest` or `npm i --save-dev @types/mocha`.
web3-backend/test/GameArena.test.ts(53,3): error TS2582: Cannot find name 'describe'. Do you need to install type definitions for a test runner? Try `npm i --save-dev @types/jest` or `npm i --save-dev @types/mocha`.
web3-backend/test/GameArena.test.ts(54,5): error TS2582: Cannot find name 'it'. Do you need to install type definitions for a test runner? Try `npm i --save-dev @types/jest` or `npm i --save-dev @types/mocha`.
web3-backend/test/GameArena.test.ts(93,5): error TS2582: Cannot find name 'it'. Do you need to install type definitions for a test runner? Try `npm i --save-dev @types/jest` or `npm i --save-dev @types/mocha`.
